[     588ms] [INFO] %cDownload the React DevTools for a better development experience: https://react.dev/link/react-devtools font-weight:bold @ webpack-internal:///(app-pages-browser)/../../node_modules/.pnpm/next@16.2.1_@babel+core@7.29.0_@playwright+test@1.51.1_react-dom@19.2.4_react@19.2.4__react@19.2.4/node_modules/next/dist/next-devtools/shared/forward-logs-shared.js:27
[     628ms] [LOG] [HMR] connected @ webpack-internal:///(app-pages-browser)/../../node_modules/.pnpm/next@16.2.1_@babel+core@7.29.0_@playwright+test@1.51.1_react-dom@19.2.4_react@19.2.4__react@19.2.4/node_modules/next/dist/next-devtools/shared/forward-logs-shared.js:27
[    1432ms] [LOG] [Fast Refresh] rebuilding @ webpack-internal:///(app-pages-browser)/../../node_modules/.pnpm/next@16.2.1_@babel+core@7.29.0_@playwright+test@1.51.1_react-dom@19.2.4_react@19.2.4__react@19.2.4/node_modules/next/dist/next-devtools/shared/forward-logs-shared.js:27
[    1811ms] [LOG] [Fast Refresh] done in 379ms @ webpack-internal:///(app-pages-browser)/../../node_modules/.pnpm/next@16.2.1_@babel+core@7.29.0_@playwright+test@1.51.1_react-dom@19.2.4_react@19.2.4__react@19.2.4/node_modules/next/dist/next-devtools/shared/forward-logs-shared.js:27
[    1864ms] [LOG] [Fast Refresh] rebuilding @ webpack-internal:///(app-pages-browser)/../../node_modules/.pnpm/next@16.2.1_@babel+core@7.29.0_@playwright+test@1.51.1_react-dom@19.2.4_react@19.2.4__react@19.2.4/node_modules/next/dist/next-devtools/shared/forward-logs-shared.js:27
[    2112ms] [LOG] [Fast Refresh] done in 247ms @ webpack-internal:///(app-pages-browser)/../../node_modules/.pnpm/next@16.2.1_@babel+core@7.29.0_@playwright+test@1.51.1_react-dom@19.2.4_react@19.2.4__react@19.2.4/node_modules/next/dist/next-devtools/shared/forward-logs-shared.js:27
[    2404ms] [ERROR] Failed to load resource: the server responded with a status of 404 (Not Found) @ http://localhost:3002/api/config:0
[    5457ms] [WARNING] The resource http://localhost:3002/watermark.png was preloaded using link preload but not used within a few seconds from the window's load event. Please make sure it has an appropriate `as` value and it is preloaded intentionally. @ http://localhost:3002/login:0
[   19184ms] [LOG] [Fast Refresh] rebuilding @ webpack-internal:///(app-pages-browser)/../../node_modules/.pnpm/next@16.2.1_@babel+core@7.29.0_@playwright+test@1.51.1_react-dom@19.2.4_react@19.2.4__react@19.2.4/node_modules/next/dist/next-devtools/shared/forward-logs-shared.js:27
[   19474ms] [LOG] [Fast Refresh] done in 290ms @ webpack-internal:///(app-pages-browser)/../../node_modules/.pnpm/next@16.2.1_@babel+core@7.29.0_@playwright+test@1.51.1_react-dom@19.2.4_react@19.2.4__react@19.2.4/node_modules/next/dist/next-devtools/shared/forward-logs-shared.js:27
[   21442ms] [INFO] %cDownload the React DevTools for a better development experience: https://react.dev/link/react-devtools font-weight:bold @ webpack-internal:///(app-pages-browser)/../../node_modules/.pnpm/next@16.2.1_@babel+core@7.29.0_@playwright+test@1.51.1_react-dom@19.2.4_react@19.2.4__react@19.2.4/node_modules/next/dist/next-devtools/shared/forward-logs-shared.js:27
[   21505ms] [LOG] [HMR] connected @ webpack-internal:///(app-pages-browser)/../../node_modules/.pnpm/next@16.2.1_@babel+core@7.29.0_@playwright+test@1.51.1_react-dom@19.2.4_react@19.2.4__react@19.2.4/node_modules/next/dist/next-devtools/shared/forward-logs-shared.js:27
[   21512ms] [INFO] %c%s%c [AUTH] dnx_session userId=2 background: #e6e6e6;background: light-dark(rgba(0,0,0,0.1), rgba(255,255,255,0.25));color: #000000;color: light-dark(#000000, #ffffff);border-radius: 2px  Server   @ webpack-internal:///(app-pages-browser)/../../node_modules/.pnpm/next@16.2.1_@babel+core@7.29.0_@playwright+test@1.51.1_react-dom@19.2.4_react@19.2.4__react@19.2.4/node_modules/next/dist/next-devtools/shared/forward-logs-shared.js:27
[   21596ms] [ERROR] Failed to load resource: the server responded with a status of 404 (Not Found) @ http://localhost:3002/api/config:0
[   21759ms] [LOG] [Fast Refresh] rebuilding @ webpack-internal:///(app-pages-browser)/../../node_modules/.pnpm/next@16.2.1_@babel+core@7.29.0_@playwright+test@1.51.1_react-dom@19.2.4_react@19.2.4__react@19.2.4/node_modules/next/dist/next-devtools/shared/forward-logs-shared.js:27
[   22017ms] [LOG] [Fast Refresh] done in 258ms @ webpack-internal:///(app-pages-browser)/../../node_modules/.pnpm/next@16.2.1_@babel+core@7.29.0_@playwright+test@1.51.1_react-dom@19.2.4_react@19.2.4__react@19.2.4/node_modules/next/dist/next-devtools/shared/forward-logs-shared.js:27
[   22105ms] [LOG] [Fast Refresh] rebuilding @ webpack-internal:///(app-pages-browser)/../../node_modules/.pnpm/next@16.2.1_@babel+core@7.29.0_@playwright+test@1.51.1_react-dom@19.2.4_react@19.2.4__react@19.2.4/node_modules/next/dist/next-devtools/shared/forward-logs-shared.js:27
[   22489ms] [LOG] [Fast Refresh] done in 384ms @ webpack-internal:///(app-pages-browser)/../../node_modules/.pnpm/next@16.2.1_@babel+core@7.29.0_@playwright+test@1.51.1_react-dom@19.2.4_react@19.2.4__react@19.2.4/node_modules/next/dist/next-devtools/shared/forward-logs-shared.js:27
[   22735ms] [ERROR] Failed to load resource: the server responded with a status of 400 (Bad Request) @ http://localhost:3002/_next/image?url=%2FLOGO%20CLF.png&w=128&q=75:0
[   26342ms] [WARNING] The resource http://localhost:3002/watermark.png was preloaded using link preload but not used within a few seconds from the window's load event. Please make sure it has an appropriate `as` value and it is preloaded intentionally. @ http://localhost:3002/admin:0
