[     594ms] [INFO] %cDownload the React DevTools for a better development experience: https://react.dev/link/react-devtools font-weight:bold @ webpack-internal:///(app-pages-browser)/../../node_modules/.pnpm/next@16.2.1_@babel+core@7.29.0_@playwright+test@1.51.1_react-dom@19.2.4_react@19.2.4__react@19.2.4/node_modules/next/dist/next-devtools/shared/forward-logs-shared.js:27
[     623ms] [LOG] [HMR] connected @ webpack-internal:///(app-pages-browser)/../../node_modules/.pnpm/next@16.2.1_@babel+core@7.29.0_@playwright+test@1.51.1_react-dom@19.2.4_react@19.2.4__react@19.2.4/node_modules/next/dist/next-devtools/shared/forward-logs-shared.js:27
[     633ms] [INFO] %c%s%c [AUTH] dnx_session userId=2 background: #e6e6e6;background: light-dark(rgba(0,0,0,0.1), rgba(255,255,255,0.25));color: #000000;color: light-dark(#000000, #ffffff);border-radius: 2px  Server   @ webpack-internal:///(app-pages-browser)/../../node_modules/.pnpm/next@16.2.1_@babel+core@7.29.0_@playwright+test@1.51.1_react-dom@19.2.4_react@19.2.4__react@19.2.4/node_modules/next/dist/next-devtools/shared/forward-logs-shared.js:27
[     697ms] [ERROR] Failed to load resource: the server responded with a status of 404 (Not Found) @ http://localhost:3002/api/config:0
[     826ms] [ERROR] Failed to load resource: the server responded with a status of 400 (Bad Request) @ http://localhost:3002/_next/image?url=%2FLOGO%20CLF.png&w=128&q=75:0
[    1823ms] [ERROR] Framing 'https://www.mercadolibre.com/' violates the following Content Security Policy directive: "frame-src https://www.mercadopago.com https://www.mercadopago.com.ar https://sdk.mercadopago.com https://http2.mlstatic.com https://www.youtube.com https://www.youtube-nocookie.com https://vercel.live https://www.google.com https://maps.google.com". The request has been blocked.
 @ :0
[    3148ms] [ERROR] Framing 'https://secure-fields.mercadopago.com/' violates the following Content Security Policy directive: "frame-src https://www.mercadopago.com https://www.mercadopago.com.ar https://sdk.mercadopago.com https://http2.mlstatic.com https://www.youtube.com https://www.youtube-nocookie.com https://vercel.live https://www.google.com https://maps.google.com". The request has been blocked.
 @ https://sdk.mercadopago.com/:0
[    3151ms] [ERROR] Framing 'https://secure-fields.mercadopago.com/' violates the following Content Security Policy directive: "frame-src https://www.mercadopago.com https://www.mercadopago.com.ar https://sdk.mercadopago.com https://http2.mlstatic.com https://www.youtube.com https://www.youtube-nocookie.com https://vercel.live https://www.google.com https://maps.google.com". The request has been blocked.
 @ https://sdk.mercadopago.com/:0
[    3153ms] [ERROR] Framing 'https://secure-fields.mercadopago.com/' violates the following Content Security Policy directive: "frame-src https://www.mercadopago.com https://www.mercadopago.com.ar https://sdk.mercadopago.com https://http2.mlstatic.com https://www.youtube.com https://www.youtube-nocookie.com https://vercel.live https://www.google.com https://maps.google.com". The request has been blocked.
 @ https://sdk.mercadopago.com/:0
[    3163ms] [WARNING] Failed to execute 'postMessage' on 'DOMWindow': The target origin provided ('https://secure-fields.mercadopago.com') does not match the recipient window's origin ('null'). @ https://sdk.mercadopago.com/js/v2:0
[    3164ms] [WARNING] Failed to execute 'postMessage' on 'DOMWindow': The target origin provided ('https://secure-fields.mercadopago.com') does not match the recipient window's origin ('null'). @ https://sdk.mercadopago.com/js/v2:0
[    3164ms] [WARNING] Failed to execute 'postMessage' on 'DOMWindow': The target origin provided ('https://secure-fields.mercadopago.com') does not match the recipient window's origin ('null'). @ https://sdk.mercadopago.com/js/v2:0
[    6165ms] [WARNING] The resource http://localhost:3002/watermark.png was preloaded using link preload but not used within a few seconds from the window's load event. Please make sure it has an appropriate `as` value and it is preloaded intentionally. @ http://localhost:3002/admin/homologacion-mp-split-1n:0
[   25515ms] [ERROR] WebSocket connection to 'ws://localhost:3002/_next/webpack-hmr?id=Uzwvkx47HgQRKakwOVMUx' failed: Connection closed before receiving a handshake response @ webpack-internal:///(app-pages-browser)/../../node_modules/.pnpm/next@16.2.1_@babel+core@7.29.0_@playwright+test@1.51.1_react-dom@19.2.4_react@19.2.4__react@19.2.4/node_modules/next/dist/client/dev/hot-reloader/app/web-socket.js:59
[   26518ms] [ERROR] WebSocket connection to 'ws://localhost:3002/_next/webpack-hmr?id=Uzwvkx47HgQRKakwOVMUx' failed: Error in connection establishment: net::ERR_CONNECTION_REFUSED @ webpack-internal:///(app-pages-browser)/../../node_modules/.pnpm/next@16.2.1_@babel+core@7.29.0_@playwright+test@1.51.1_react-dom@19.2.4_react@19.2.4__react@19.2.4/node_modules/next/dist/client/dev/hot-reloader/app/web-socket.js:59
[   28095ms] [LOG] [HMR] connected @ webpack-internal:///(app-pages-browser)/../../node_modules/.pnpm/next@16.2.1_@babel+core@7.29.0_@playwright+test@1.51.1_react-dom@19.2.4_react@19.2.4__react@19.2.4/node_modules/next/dist/next-devtools/shared/forward-logs-shared.js:27
